# GitHub
# create repository online without any files
# (if you created files (e.g. .gitignore, README.md) do git pull (merge) before git push)
#
# using PortableGit for Windows:

A3000@A4492402C3 MINGW32 /home
$ cd pyinstaller/

A3000@A4492402C3 MINGW32 /home/pyinstaller
$ git init
Initialized empty Git repository in C:/Users/A3000/Documents/TM/Apps/PortableGit/home/pyinstaller/.git/

A3000@A4492402C3 MINGW32 /home/pyinstaller (master)
$ git add *

A3000@A4492402C3 MINGW32 /home/pyinstaller (master)
$ git status
On branch master

Initial commit

Changes to be committed:
  (use "git rm --cached <file>..." to unstage)

        new file:   app2/Using PyInstaller.url
        new file:   app2/app.py
        new file:   app2/icon.ico
        new file:   app2/img/Thumbs.db
        new file:   app2/img/about.png
        new file:   app2/img/appicon.png
        new file:   app2/img/copy.png
        new file:   app2/img/cut.png
        new file:   app2/img/exit.png
        new file:   app2/img/new.png
        new file:   app2/img/open.png
        new file:   app2/img/paste.png
        new file:   app2/img/redo.png
        new file:   app2/img/save.png
        new file:   app2/img/undo.png
        new file:   app2/pyinstaller.txt
        new file:   app2/run_pyinstaller.bat

Untracked files:
  (use "git add <file>..." to include in what will be committed)

        .idea/


A3000@A4492402C3 MINGW32 /home/pyinstaller (master)
$ git commit -m "using Anaconda (conda v4.3.25) with Python 2.7.13 and PyInstaller 3.2 on Windows 64 Bit"
[master (root-commit) ec6a761] using Anaconda (conda v4.3.25) with Python 2.7.13 and PyInstaller 3.2 on Windows 64 Bit
 17 files changed, 735 insertions(+)
 create mode 100644 app2/Using PyInstaller.url
 create mode 100644 app2/app.py
 create mode 100644 app2/icon.ico
 create mode 100644 app2/img/Thumbs.db
 create mode 100644 app2/img/about.png
 create mode 100644 app2/img/appicon.png
 create mode 100644 app2/img/copy.png
 create mode 100644 app2/img/cut.png
 create mode 100644 app2/img/exit.png
 create mode 100644 app2/img/new.png
 create mode 100644 app2/img/open.png
 create mode 100644 app2/img/paste.png
 create mode 100644 app2/img/redo.png
 create mode 100644 app2/img/save.png
 create mode 100644 app2/img/undo.png
 create mode 100644 app2/pyinstaller.txt
 create mode 100644 app2/run_pyinstaller.bat

A3000@A4492402C3 MINGW32 /home/pyinstaller (master)
$ git remote add origin https://github.com/floppyinfant/python_template.git

A3000@A4492402C3 MINGW32 /home/pyinstaller (master)
$ git push origin master
Username for 'https://github.com': floppyinfant
To https://github.com/floppyinfant/python_template.git
 ! [rejected]        master -> master (fetch first)
error: failed to push some refs to 'https://github.com/floppyinfant/python_template.git'
hint: Updates were rejected because the remote contains work that you do
hint: not have locally. This is usually caused by another repository pushing
hint: to the same ref. You may want to first integrate the remote changes
hint: (e.g., 'git pull ...') before pushing again.
hint: See the 'Note about fast-forwards' in 'git push --help' for details.

A3000@A4492402C3 MINGW32 /home/pyinstaller (master)
$ git pull origin master
From https://github.com/floppyinfant/python_template
 * branch            master     -> FETCH_HEAD
Merge made by the 'recursive' strategy.
 .gitignore | 101 +++++++++++++++++++++++++++++++++++++++++++++++++++++++++++++
 1 file changed, 101 insertions(+)
 create mode 100644 .gitignore

A3000@A4492402C3 MINGW32 /home/pyinstaller (master)
$ git push origin master
Username for 'https://github.com': floppyinfant
Counting objects: 23, done.
Delta compression using up to 4 threads.
Compressing objects: 100% (22/22), done.
Writing objects: 100% (23/23), 139.79 KiB | 0 bytes/s, done.
Total 23 (delta 0), reused 0 (delta 0)
To https://github.com/floppyinfant/python_template.git
   0940f6c..d190f93  master -> master

A3000@A4492402C3 MINGW32 /home/pyinstaller (master)
$
